../Core/Src/main.c:85:6:setTimer	16	static
../Core/Src/main.c:93:6:timerRun	16	static
../Core/Src/main.c:109:6:display_digit	16	static
../Core/Src/main.c:113:6:update7SEG	16	static
../Core/Src/main.c:147:6:updateClockBuffer	16	static
../Core/Src/main.c:159:6:update_timer	8	static
../Core/Src/main.c:192:6:HAL_TIM_PeriodElapsedCallback	16	static
../Core/Src/main.c:199:5:main	8	static
../Core/Src/main.c:252:6:SystemClock_Config	72	static
../Core/Src/main.c:289:13:MX_TIM2_Init	32	static
../Core/Src/main.c:334:13:MX_GPIO_Init	32	static
../Core/Src/main.c:378:6:Error_Handler	4	static,ignoring_inline_asm
